// Jest Snapshot v1, https://goo.gl/fbAQLP

exports[`lint 1`] = `
// good

type good1 = string[];
type good2 = Array<(x: any) => any>;

// bad

type bad2 = Array<string[]>;
            ~~~~~~~~~~~~~~~  [Array type using 'Array<T>' is forbidden for simple types. Use 'T[]' instead.]
type bad1 = ((x: any) => any)[];
            ~~~~~~~~~~~~~~~~~~~  [Array type using 'T[]' is forbidden for non-simple types. Use 'Array<T>' instead.]

`;
